current directory: /Users/onaka/working/tmp/ruby-rails-fd0/vendor/bundle/ruby/3.4.0/gems/date-3.4.1/ext/date
/opt/rubies/3.4.5/bin/ruby extconf.rb
checking for rb_category_warn()... yes
checking for timezone in time.h with -Werror... yes
checking for altzone in time.h with -Werror... no
creating Makefile

current directory: /Users/onaka/working/tmp/ruby-rails-fd0/vendor/bundle/ruby/3.4.0/gems/date-3.4.1/ext/date
make DESTDIR\= sitearchdir\=./.gem.20250927-7861-ynjpm3 sitelibdir\=./.gem.20250927-7861-ynjpm3 clean

current directory: /Users/onaka/working/tmp/ruby-rails-fd0/vendor/bundle/ruby/3.4.0/gems/date-3.4.1/ext/date
make DESTDIR\= sitearchdir\=./.gem.20250927-7861-ynjpm3 sitelibdir\=./.gem.20250927-7861-ynjpm3
compiling date_core.c
compiling date_parse.c
compiling date_strftime.c
compiling date_strptime.c
linking shared-object date_core.bundle

current directory: /Users/onaka/working/tmp/ruby-rails-fd0/vendor/bundle/ruby/3.4.0/gems/date-3.4.1/ext/date
make DESTDIR\= sitearchdir\=./.gem.20250927-7861-ynjpm3 sitelibdir\=./.gem.20250927-7861-ynjpm3 install
/opt/homebrew/bin/ginstall -c -m 0755 date_core.bundle ./.gem.20250927-7861-ynjpm3

current directory: /Users/onaka/working/tmp/ruby-rails-fd0/vendor/bundle/ruby/3.4.0/gems/date-3.4.1/ext/date
make DESTDIR\= sitearchdir\=./.gem.20250927-7861-ynjpm3 sitelibdir\=./.gem.20250927-7861-ynjpm3 clean
