current directory: /Users/onaka/working/tmp/ruby-rails-fd0/vendor/bundle/ruby/3.4.0/gems/bigdecimal-3.2.3/ext/bigdecimal
/opt/rubies/3.4.5/bin/ruby extconf.rb
checking for __builtin_clz()... yes
checking for __builtin_clzl()... yes
checking for __builtin_clzll()... yes
checking for float.h... yes
checking for math.h... yes
checking for stdbool.h... yes
checking for stdlib.h... yes
checking for x86intrin.h... no
checking for intrin.h... no
checking for ruby/atomic.h... yes
checking for ruby/internal/has/builtin.h... yes
checking for ruby/internal/static_assert.h... yes
checking for rb_complex_real() in ruby.h... yes
checking for rb_complex_imag() in ruby.h... yes
checking for rb_opts_exception_p() in ruby.h... yes
checking for rb_category_warn() in ruby.h... yes
checking for RB_WARN_CATEGORY_DEPRECATED in ruby.h... yes
creating Makefile

current directory: /Users/onaka/working/tmp/ruby-rails-fd0/vendor/bundle/ruby/3.4.0/gems/bigdecimal-3.2.3/ext/bigdecimal
make DESTDIR\= sitearchdir\=./.gem.20250927-7861-7h2luy sitelibdir\=./.gem.20250927-7861-7h2luy clean

current directory: /Users/onaka/working/tmp/ruby-rails-fd0/vendor/bundle/ruby/3.4.0/gems/bigdecimal-3.2.3/ext/bigdecimal
make DESTDIR\= sitearchdir\=./.gem.20250927-7861-7h2luy sitelibdir\=./.gem.20250927-7861-7h2luy
compiling bigdecimal.c
compiling missing.c
linking shared-object bigdecimal.bundle

current directory: /Users/onaka/working/tmp/ruby-rails-fd0/vendor/bundle/ruby/3.4.0/gems/bigdecimal-3.2.3/ext/bigdecimal
make DESTDIR\= sitearchdir\=./.gem.20250927-7861-7h2luy sitelibdir\=./.gem.20250927-7861-7h2luy install
/opt/homebrew/bin/ginstall -c -m 0755 bigdecimal.bundle ./.gem.20250927-7861-7h2luy

current directory: /Users/onaka/working/tmp/ruby-rails-fd0/vendor/bundle/ruby/3.4.0/gems/bigdecimal-3.2.3/ext/bigdecimal
make DESTDIR\= sitearchdir\=./.gem.20250927-7861-7h2luy sitelibdir\=./.gem.20250927-7861-7h2luy clean
