current directory: /Users/onaka/working/tmp/ruby-rails-fd0/vendor/bundle/ruby/3.4.0/gems/psych-5.2.6/ext/psych
/opt/rubies/3.4.5/bin/ruby extconf.rb
checking for pkg-config for yaml-0.1... ["-I/opt/homebrew/Cellar/libyaml/0.2.5/include ", "-L/opt/homebrew/Cellar/libyaml/0.2.5/lib", "-lyaml"]
checking for yaml.h... yes
checking for yaml_get_version() in -lyaml... yes
creating Makefile

current directory: /Users/onaka/working/tmp/ruby-rails-fd0/vendor/bundle/ruby/3.4.0/gems/psych-5.2.6/ext/psych
make DESTDIR\= sitearchdir\=./.gem.20250927-7861-5ohpeq sitelibdir\=./.gem.20250927-7861-5ohpeq clean
cd libyaml && /Library/Developer/CommandLineTools/usr/bin/make clean
/bin/sh: line 0: cd: libyaml: No such file or directory
make: [clean-so] Error 1 (ignored)

current directory: /Users/onaka/working/tmp/ruby-rails-fd0/vendor/bundle/ruby/3.4.0/gems/psych-5.2.6/ext/psych
make DESTDIR\= sitearchdir\=./.gem.20250927-7861-5ohpeq sitelibdir\=./.gem.20250927-7861-5ohpeq
compiling psych.c
compiling psych_emitter.c
compiling psych_parser.c
compiling psych_to_ruby.c
compiling psych_yaml_tree.c
linking shared-object psych.bundle
ld: warning: ignoring duplicate libraries: '-lyaml'

current directory: /Users/onaka/working/tmp/ruby-rails-fd0/vendor/bundle/ruby/3.4.0/gems/psych-5.2.6/ext/psych
make DESTDIR\= sitearchdir\=./.gem.20250927-7861-5ohpeq sitelibdir\=./.gem.20250927-7861-5ohpeq install
/opt/homebrew/bin/ginstall -c -m 0755 psych.bundle ./.gem.20250927-7861-5ohpeq

current directory: /Users/onaka/working/tmp/ruby-rails-fd0/vendor/bundle/ruby/3.4.0/gems/psych-5.2.6/ext/psych
make DESTDIR\= sitearchdir\=./.gem.20250927-7861-5ohpeq sitelibdir\=./.gem.20250927-7861-5ohpeq clean
cd libyaml && /Library/Developer/CommandLineTools/usr/bin/make clean
/bin/sh: line 0: cd: libyaml: No such file or directory
make: [clean-so] Error 1 (ignored)
